D:/HUST/embedded-system/EggShooting/Core/Src/main.c:1078:13:SPI5_Write	1
D:/HUST/embedded-system/EggShooting/Core/Src/main.c:124:6:tone	4
D:/HUST/embedded-system/EggShooting/Core/Src/main.c:142:6:noTone	1
D:/HUST/embedded-system/EggShooting/Core/Src/main.c:146:6:playOpeningSound	3
D:/HUST/embedded-system/EggShooting/Core/Src/main.c:160:6:playLostSound	3
D:/HUST/embedded-system/EggShooting/Core/Src/main.c:171:6:playExplosionSound	1
D:/HUST/embedded-system/EggShooting/Core/Src/main.c:1190:6:StartDefaultTask	8
D:/HUST/embedded-system/EggShooting/Core/Src/main.c:350:1:TM_RNG_Init	1
D:/HUST/embedded-system/EggShooting/Core/Src/main.c:359:1:TM_RNG_DeInit	1
D:/HUST/embedded-system/EggShooting/Core/Src/main.c:368:1:TM_RNG_Get	2
D:/HUST/embedded-system/EggShooting/Core/Src/main.c:475:6:SystemClock_Config	1
D:/HUST/embedded-system/EggShooting/Core/Src/main.c:381:5:main	1
D:/HUST/embedded-system/EggShooting/Core/Src/main.c:922:6:IOE_Init	1
D:/HUST/embedded-system/EggShooting/Core/Src/main.c:931:6:IOE_ITConfig	1
D:/HUST/embedded-system/EggShooting/Core/Src/main.c:943:6:IOE_Write	1
D:/HUST/embedded-system/EggShooting/Core/Src/main.c:954:9:IOE_Read	1
D:/HUST/embedded-system/EggShooting/Core/Src/main.c:967:10:IOE_ReadMultiple	1
D:/HUST/embedded-system/EggShooting/Core/Src/main.c:976:6:IOE_Delay	1
D:/HUST/embedded-system/EggShooting/Core/Src/main.c:1104:6:LCD_IO_Init	1
D:/HUST/embedded-system/EggShooting/Core/Src/main.c:1114:6:LCD_IO_WriteData	1
D:/HUST/embedded-system/EggShooting/Core/Src/main.c:1130:6:LCD_IO_WriteReg	1
D:/HUST/embedded-system/EggShooting/Core/Src/main.c:1149:10:LCD_IO_ReadData	1
D:/HUST/embedded-system/EggShooting/Core/Src/main.c:1176:6:LCD_Delay	1
D:/HUST/embedded-system/EggShooting/Core/Src/main.c:1238:6:HAL_TIM_PeriodElapsedCallback	2
D:/HUST/embedded-system/EggShooting/Core/Src/main.c:1255:6:Error_Handler	1
