D:/HUST/embedded-system/EggShooting/Core/Src/main.c:1078:13:SPI5_Write	16	static
D:/HUST/embedded-system/EggShooting/Core/Src/main.c:124:6:tone	24	static
D:/HUST/embedded-system/EggShooting/Core/Src/main.c:142:6:noTone	0	static
D:/HUST/embedded-system/EggShooting/Core/Src/main.c:146:6:playOpeningSound	48	static
D:/HUST/embedded-system/EggShooting/Core/Src/main.c:160:6:playLostSound	32	static
D:/HUST/embedded-system/EggShooting/Core/Src/main.c:171:6:playExplosionSound	16	static
D:/HUST/embedded-system/EggShooting/Core/Src/main.c:1190:6:StartDefaultTask	24	static
D:/HUST/embedded-system/EggShooting/Core/Src/main.c:350:1:TM_RNG_Init	0	static
D:/HUST/embedded-system/EggShooting/Core/Src/main.c:359:1:TM_RNG_DeInit	0	static
D:/HUST/embedded-system/EggShooting/Core/Src/main.c:368:1:TM_RNG_Get	0	static
D:/HUST/embedded-system/EggShooting/Core/Src/main.c:475:6:SystemClock_Config	96	static
D:/HUST/embedded-system/EggShooting/Core/Src/main.c:381:5:main	160	static
D:/HUST/embedded-system/EggShooting/Core/Src/main.c:922:6:IOE_Init	0	static
D:/HUST/embedded-system/EggShooting/Core/Src/main.c:931:6:IOE_ITConfig	0	static
D:/HUST/embedded-system/EggShooting/Core/Src/main.c:943:6:IOE_Write	32	static
D:/HUST/embedded-system/EggShooting/Core/Src/main.c:954:9:IOE_Read	32	static
D:/HUST/embedded-system/EggShooting/Core/Src/main.c:967:10:IOE_ReadMultiple	24	static
D:/HUST/embedded-system/EggShooting/Core/Src/main.c:976:6:IOE_Delay	0	static
D:/HUST/embedded-system/EggShooting/Core/Src/main.c:1104:6:LCD_IO_Init	8	static
D:/HUST/embedded-system/EggShooting/Core/Src/main.c:1114:6:LCD_IO_WriteData	16	static
D:/HUST/embedded-system/EggShooting/Core/Src/main.c:1130:6:LCD_IO_WriteReg	16	static
D:/HUST/embedded-system/EggShooting/Core/Src/main.c:1149:10:LCD_IO_ReadData	32	static
D:/HUST/embedded-system/EggShooting/Core/Src/main.c:1176:6:LCD_Delay	0	static
D:/HUST/embedded-system/EggShooting/Core/Src/main.c:1238:6:HAL_TIM_PeriodElapsedCallback	0	static
D:/HUST/embedded-system/EggShooting/Core/Src/main.c:1255:6:Error_Handler	0	static
