D:/HUST/embedded-system/EggShooting/Core/Src/stm32f4xx_hal_msp.c:65:6:HAL_MspInit	8	static
D:/HUST/embedded-system/EggShooting/Core/Src/stm32f4xx_hal_msp.c:90:6:HAL_CRC_MspInit	8	static
D:/HUST/embedded-system/EggShooting/Core/Src/stm32f4xx_hal_msp.c:113:6:HAL_CRC_MspDeInit	0	static
D:/HUST/embedded-system/EggShooting/Core/Src/stm32f4xx_hal_msp.c:135:6:HAL_DMA2D_MspInit	16	static
D:/HUST/embedded-system/EggShooting/Core/Src/stm32f4xx_hal_msp.c:161:6:HAL_DMA2D_MspDeInit	0	static
D:/HUST/embedded-system/EggShooting/Core/Src/stm32f4xx_hal_msp.c:186:6:HAL_I2C_MspInit	64	static
D:/HUST/embedded-system/EggShooting/Core/Src/stm32f4xx_hal_msp.c:231:6:HAL_I2C_MspDeInit	8	static
D:/HUST/embedded-system/EggShooting/Core/Src/stm32f4xx_hal_msp.c:262:6:HAL_LTDC_MspInit	120	static
D:/HUST/embedded-system/EggShooting/Core/Src/stm32f4xx_hal_msp.c:388:6:HAL_LTDC_MspDeInit	8	static
D:/HUST/embedded-system/EggShooting/Core/Src/stm32f4xx_hal_msp.c:450:6:HAL_SPI_MspInit	40	static
D:/HUST/embedded-system/EggShooting/Core/Src/stm32f4xx_hal_msp.c:488:6:HAL_SPI_MspDeInit	0	static
D:/HUST/embedded-system/EggShooting/Core/Src/stm32f4xx_hal_msp.c:518:6:HAL_TIM_Base_MspInit	8	static
D:/HUST/embedded-system/EggShooting/Core/Src/stm32f4xx_hal_msp.c:535:6:HAL_TIM_MspPostInit	32	static
D:/HUST/embedded-system/EggShooting/Core/Src/stm32f4xx_hal_msp.c:567:6:HAL_TIM_Base_MspDeInit	0	static
D:/HUST/embedded-system/EggShooting/Core/Src/stm32f4xx_hal_msp.c:691:6:HAL_SDRAM_MspInit	48	static
D:/HUST/embedded-system/EggShooting/Core/Src/stm32f4xx_hal_msp.c:777:6:HAL_SDRAM_MspDeInit	8	static
