../../Middlewares/ST/touchgfx/framework/include/touchgfx/Screen.hpp:104:18:virtual void touchgfx::Screen::afterTransition()	0	static
../../Middlewares/ST/touchgfx/framework/include/touchgfx/Screen.hpp:154:18:virtual void touchgfx::Screen::handleKeyEvent(uint8_t)	0	static
../../TouchGFX/generated/gui_generated/include/gui_generated/screen3_screen/Screen3ViewBase.hpp:30:18:virtual void Screen3ViewBase::changeToLoseScreen()	0	static
D:/HUST/embedded-system/EggShooting/TouchGFX/gui/src/screen3_screen/Screen3View.cpp:15:6:virtual void Screen3View::tearDownScreen()	0	static
../../TouchGFX/gui/include/gui/screen3_screen/Screen3View.hpp:12:13:Screen3View::~Screen3View()	8	static
../../TouchGFX/gui/include/gui/screen3_screen/Screen3View.hpp:12:13:virtual Screen3View::~Screen3View()	8	static
D:/HUST/embedded-system/EggShooting/TouchGFX/gui/src/screen3_screen/Screen3View.cpp:4:1:Screen3View::Screen3View()	8	static
D:/HUST/embedded-system/EggShooting/TouchGFX/gui/src/screen3_screen/Screen3View.cpp:9:6:virtual void Screen3View::setupScreen()	0	static
